GNU Tool Chain  

Linker command line:

--edf=D:\Program Files (x86)\FMD\CCompiler\data\dat\en_msgs.txt -cs \
  -h+ft60-1527-new.sym --cmf=ft60-1527-new.cmf -z -QFT60F01X \
  -oC:\Users\1\AppData\Local\Temp\skc0.2 -Mft60-1527-new.map -E1 -ver=XC8 \
  -ASTACK=04Dh-06fh -pstack=STACK -ACODE=00h-03FFh -ASTRCODE=00h-03FFh \
  -ASTRING=00h-0FFhx4 -ACONST=00h-0FFhx4 -AENTRY=00h-0FFhx4 \
  -ACOMMON=070h-07Fh -ABANK0=040h-06Fh -ARAM=040h-06Fh -AABS1=040h-07Fh \
  -ASFR0=00h-03Fh -ASFR1=080h-0EFh -preset_vec=00h,intentry,init,end_init \
  -ppowerup=CODE -pcinit=CODE -pfunctab=ENTRY -ACONFIG=02007h-02007h \
  -pconfig=CONFIG -DCONFIG=2 -AIDLOC=02000h-02003h -pidloc=IDLOC -DIDLOC=2 \
  -AEEDATA=00h-0FFh/02100h -peeprom_data=EEDATA -DEEDATA=2 -DCODE=2 \
  -DSTRCODE=2 -DSTRING=2 -DCONST=2 -DENTRY=2 -k \
  C:\Users\1\AppData\Local\Temp\skc0.obj ft60-1527-new.obj 

Object code version is 3.11

Machine type is FT60F01X



                Name                               Link     Load   Length Selector   Space Scale
C:\Users\1\AppData\Local\Temp\skc0.obj
                end_init                              0        0        1        0       0
ft60-1527-new.obj
                cinit                               3FE      3FE        2      7FC       0
                text8                               38F      38F       13      71E       0
                text7                               376      376        9      6EC       0
                text6                               37F      37F       10      6FE       0
                text5                               361      361        7      6C2       0
                text4                               368      368        7      6D0       0
                text3                               36F      36F        7      6DE       0
                text2                               3D6      3D6       28      7AC       0
                text1                               3BB      3BB       1B      776       0
                maintext                            3A2      3A2       19      744       0
                cstackBANK0                          40       40        D       40       1
                cstackCOMMON                         70       70        A       70       1

TOTAL           Name                               Link     Load   Length     Space
        CLASS   STACK          

        CLASS   CODE           
                end_init                              0        0        1         0
                cinit                               3FE      3FE        2         0
                text8                               38F      38F       13         0
                text7                               376      376        9         0
                text6                               37F      37F       10         0
                text5                               361      361        7         0
                text4                               368      368        7         0
                text3                               36F      36F        7         0
                text2                               3D6      3D6       28         0
                text1                               3BB      3BB       1B         0
                maintext                            3A2      3A2       19         0

        CLASS   STRCODE        

        CLASS   STRING         

        CLASS   CONST          

        CLASS   ENTRY          

        CLASS   COMMON         
                cstackCOMMON                         70       70        A         1

        CLASS   BANK0          
                cstackBANK0                          40       40        D         1

        CLASS   RAM            

        CLASS   ABS1           
                abs_s1                               7E       7E        2         1

        CLASS   SFR0           

        CLASS   SFR1           

        CLASS   CONFIG         

        CLASS   IDLOC          

        CLASS   EEDATA         

        CLASS   BANK1          



SEGMENTS        Name                           Load    Length   Top    Selector   Space  Class     Delta

                reset_vec                      000000  000001  000001         0       0  CODE        2
                cstackBANK0                    000040  00000D  00004D        40       1  BANK0       1
                cstackCOMMON                   000070  00000A  00007A        70       1  COMMON      1
                text5                          000361  000007  000368       6C2       0  CODE        2
                text4                          000368  000007  00036F       6D0       0  CODE        2
                text3                          00036F  000007  000376       6DE       0  CODE        2
                text7                          000376  000009  00037F       6EC       0  CODE        2
                text6                          00037F  000010  00038F       6FE       0  CODE        2
                text8                          00038F  000013  0003A2       71E       0  CODE        2
                maintext                       0003A2  000019  0003BB       744       0  CODE        2
                text1                          0003BB  00001B  0003D6       776       0  CODE        2
                text2                          0003D6  000028  0003FE       7AC       0  CODE        2
                cinit                          0003FE  000002  000400       7FC       0  CODE        2


UNUSED ADDRESS RANGES

        Name                Unused          Largest block    Delta
        BANK0            04D-06F            23           1
        CODE             001-360           360           2
        COMMON           07A-07D             4           1
        CONFIG           2007-2007             1           2
        CONST            001-360           100           2
        EEDATA           2100-21FF           100           2
        ENTRY            001-360           100           2
        IDLOC            2000-2003             4           2
        RAM              04D-06F            23           1
        SFR0             000-03F            40           1
        SFR1             080-0EF            70           1
        STACK            04D-06F            23           1
        STRCODE          001-360           360           2
        STRING           001-360           100           2

                                  Symbol Table

DelayMs@Time              cstackCOMMON 072
DelayMs@a                 cstackCOMMON 073
DelayMs@b                 cstackCOMMON 074
DelayUs@Time              cstackCOMMON 070
DelayUs@a                 cstackCOMMON 071
_DelayMs                  text6        37F
_DelayUs                  text7        376
_GIE                      (abs)        05F
_INTCON                   (abs)        00B
_MSCKCON                  (abs)        01B
_OPTION                   (abs)        081
_OSCCON                   (abs)        08F
_PA2                      (abs)        02A
_PA4                      (abs)        02C
_PA5                      (abs)        02D
_PEIE                     (abs)        05E
_PORTA                    (abs)        005
_Sys_Init                 text8        38F
_TRISA                    (abs)        085
_WDTCON                   (abs)        018
_WPUA                     (abs)        095
__Habs1                   abs1         000
__Hbank0                  bank0        000
__Hbank1                  bank1        000
__Hcinit                  cinit        400
__Hclrtext                clrtext      000
__Hcode                   code         000
__Hcommon                 common       000
__Hconfig                 config       000
__HcstackBANK0            cstackBANK0  000
__HcstackCOMMON           cstackCOMMON 000
__Heeprom_data            eeprom_data  000
__Hend_init               end_init     001
__Hfunctab                functab      000
__Hidloc                  idloc        000
__Hinit                   init         000
__Hintentry               intentry     000
__Hmaintext               maintext     000
__Hpa_nodes0              pa_nodes0    000
__Hpowerup                powerup      000
__Hram                    ram          000
__Hreset_vec              reset_vec    000
__Hsfr0                   sfr0         000
__Hsfr1                   sfr1         000
__Hspace_0                (abs)        400
__Hspace_1                (abs)        07A
__Hspace_2                (abs)        000
__Hspace_3                (abs)        000
__Hstack                  stack        000
__Hstrings                strings      000
__Htext                   text         000
__Labs1                   abs1         000
__Lbank0                  bank0        000
__Lbank1                  bank1        000
__Lcinit                  cinit        3FE
__Lclrtext                clrtext      000
__Lcode                   code         000
__Lcommon                 common       000
__Lconfig                 config       000
__LcstackBANK0            cstackBANK0  000
__LcstackCOMMON           cstackCOMMON 000
__Leeprom_data            eeprom_data  000
__Lend_init               end_init     000
__Lfunctab                functab      000
__Lidloc                  idloc        000
__Linit                   init         000
__Lintentry               intentry     000
__Lmaintext               maintext     000
__Lpa_nodes0              pa_nodes0    000
__Lpowerup                powerup      000
__Lram                    ram          000
__Lreset_vec              reset_vec    000
__Lsfr0                   sfr0         000
__Lsfr1                   sfr1         000
__Lspace_0                (abs)        000
__Lspace_1                (abs)        000
__Lspace_2                (abs)        000
__Lspace_3                (abs)        000
__Lstack                  stack        000
__Lstrings                strings      000
__Ltext                   text         000
__S0                      (abs)        400
__S1                      (abs)        07A
__S2                      (abs)        000
__S3                      (abs)        000
___int_sp                 stack        000
___latbits                (abs)        000
___sp                     stack        000
__end_of_DelayMs          text6        38F
__end_of_DelayUs          text7        37F
__end_of_Sys_Init         text8        3A2
__end_of__initialization  cinit        3FE
__end_of_bag_1527         text1        3D6
__end_of_coding_1527      text2        3FE
__end_of_coding_H_1527    text5        368
__end_of_coding_L_1527    text4        36F
__end_of_coding_syn_1527  text3        376
__end_of_main             maintext     3BB
__initialization          cinit        3FE
__pcstackBANK0            cstackBANK0  040
__pcstackCOMMON           cstackCOMMON 070
__pmaintext               maintext     3A2
__ptext0                  text0        000
__ptext1                  text1        3BB
__ptext2                  text2        3D6
__ptext3                  text3        36F
__ptext4                  text4        368
__ptext5                  text5        361
__ptext6                  text6        37F
__ptext7                  text7        376
__ptext8                  text8        38F
__size_of_DelayMs         (abs)        000
__size_of_DelayUs         (abs)        000
__size_of_Sys_Init        (abs)        000
__size_of_bag_1527        (abs)        000
__size_of_coding_1527     (abs)        000
__size_of_coding_H_1527   (abs)        000
__size_of_coding_L_1527   (abs)        000
__size_of_coding_syn_1527 (abs)        000
__size_of_main            (abs)        000
_bag_1527                 text1        3BB
_coding_1527              text2        3D6
_coding_H_1527            text5        361
_coding_L_1527            text4        368
_coding_syn_1527          text3        36F
_main                     maintext     3A2
bag_1527@Data             cstackBANK0  045
bag_1527@frame_num        cstackBANK0  049
bag_1527@slp_time         cstackBANK0  04B
btemp                     (abs)        07E
coding_1527@Bit_Mask      cstackBANK0  040
coding_1527@Temp_Data     cstackCOMMON 072
coding_1527@k             cstackBANK0  044
end_of_initialization     cinit        3FE
intlevel0                 functab      000
intlevel1                 functab      000
intlevel2                 functab      000
intlevel3                 functab      000
intlevel4                 functab      000
intlevel5                 functab      000
reset_vec                 reset_vec    000
stackhi                   (abs)        000
stacklo                   (abs)        000
start                     init         000
start_initialization      cinit        3FE
wtemp0                    (abs)        07E


FUNCTION INFORMATION:

 *************** function _main *****************
 Defined at:
		line 18 in file "main.c"
 Parameters:    Size  Location     Type
		None
 Auto vars:     Size  Location     Type
		None
 Return value:  Size  Location     Type
                  1    wreg      void 
 Registers used:
		wreg, status,2, status,0, pclath, cstack
 Tracked objects:
		On entry : 
		On exit  : 
		Unchanged: 
 Data sizes:     COMMON   BANK0
      Params:         0       0
      Locals:         0       0
      Temps:          0       0
      Totals:         0       0
Total ram usage:        0 bytes
 Hardware stack levels required when called:    4
 This function calls:
		_DelayMs
		_Sys_Init
		_bag_1527
 This function is called by:
		Startup code after reset
 This function uses a non-reentrant model


 *************** function _bag_1527 *****************
 Defined at:
		line 75 in file "coding.c"
 Parameters:    Size  Location     Type
  Data            4    5[BANK0 ] unsigned long 
  frame_num       2    9[BANK0 ] unsigned int 
  slp_time        2   11[BANK0 ] unsigned int 
 Auto vars:     Size  Location     Type
		None
 Return value:  Size  Location     Type
                  1    wreg      void 
 Registers used:
		wreg, status,2, status,0, pclath, cstack
 Tracked objects:
		On entry : 
		On exit  : 
		Unchanged: 
 Data sizes:     COMMON   BANK0
      Params:         0       8
      Locals:         0       0
      Temps:          0       0
      Totals:         0       8
Total ram usage:        8 bytes
 Hardware stack levels used:    1
 Hardware stack levels required when called:    3
 This function calls:
		_DelayMs
		_coding_1527
 This function is called by:
		_main
 This function uses a non-reentrant model


 *************** function _coding_1527 *****************
 Defined at:
		line 47 in file "coding.c"
 Parameters:    Size  Location     Type
  Temp_Data       4    2[COMMON] unsigned long 
 Auto vars:     Size  Location     Type
  Bit_Mask        4    0[BANK0 ] unsigned long 
  k               1    4[BANK0 ] unsigned char 
 Return value:  Size  Location     Type
                  1    wreg      void 
 Registers used:
		wreg, status,2, status,0, pclath, cstack
 Tracked objects:
		On entry : 
		On exit  : 
		Unchanged: 
 Data sizes:     COMMON   BANK0
      Params:         4       0
      Locals:         0       5
      Temps:          4       0
      Totals:         8       5
Total ram usage:       13 bytes
 Hardware stack levels used:    1
 Hardware stack levels required when called:    2
 This function calls:
		_coding_H_1527
		_coding_L_1527
		_coding_syn_1527
 This function is called by:
		_bag_1527
 This function uses a non-reentrant model


 *************** function _coding_syn_1527 *****************
 Defined at:
		line 10 in file "coding.c"
 Parameters:    Size  Location     Type
		None
 Auto vars:     Size  Location     Type
		None
 Return value:  Size  Location     Type
                  1    wreg      void 
 Registers used:
		wreg, status,2, status,0, pclath, cstack
 Tracked objects:
		On entry : 
		On exit  : 
		Unchanged: 
 Data sizes:     COMMON   BANK0
      Params:         0       0
      Locals:         0       0
      Temps:          0       0
      Totals:         0       0
Total ram usage:        0 bytes
 Hardware stack levels used:    1
 Hardware stack levels required when called:    1
 This function calls:
		_DelayUs
 This function is called by:
		_coding_1527
 This function uses a non-reentrant model


 *************** function _coding_L_1527 *****************
 Defined at:
		line 22 in file "coding.c"
 Parameters:    Size  Location     Type
		None
 Auto vars:     Size  Location     Type
		None
 Return value:  Size  Location     Type
                  1    wreg      void 
 Registers used:
		wreg, status,2, status,0, pclath, cstack
 Tracked objects:
		On entry : 
		On exit  : 
		Unchanged: 
 Data sizes:     COMMON   BANK0
      Params:         0       0
      Locals:         0       0
      Temps:          0       0
      Totals:         0       0
Total ram usage:        0 bytes
 Hardware stack levels used:    1
 Hardware stack levels required when called:    1
 This function calls:
		_DelayUs
 This function is called by:
		_coding_1527
 This function uses a non-reentrant model


 *************** function _coding_H_1527 *****************
 Defined at:
		line 34 in file "coding.c"
 Parameters:    Size  Location     Type
		None
 Auto vars:     Size  Location     Type
		None
 Return value:  Size  Location     Type
                  1    wreg      void 
 Registers used:
		wreg, status,2, status,0, pclath, cstack
 Tracked objects:
		On entry : 
		On exit  : 
		Unchanged: 
 Data sizes:     COMMON   BANK0
      Params:         0       0
      Locals:         0       0
      Temps:          0       0
      Totals:         0       0
Total ram usage:        0 bytes
 Hardware stack levels used:    1
 Hardware stack levels required when called:    1
 This function calls:
		_DelayUs
 This function is called by:
		_coding_1527
 This function uses a non-reentrant model


 *************** function _DelayMs *****************
 Defined at:
		line 24 in file "init.c"
 Parameters:    Size  Location     Type
  Time            1    wreg     unsigned char 
 Auto vars:     Size  Location     Type
  Time            1    2[COMMON] unsigned char 
  b               1    4[COMMON] unsigned char 
  a               1    3[COMMON] unsigned char 
 Return value:  Size  Location     Type
                  1    wreg      void 
 Registers used:
		wreg, status,2, status,0, pclath, cstack
 Tracked objects:
		On entry : 
		On exit  : 
		Unchanged: 
 Data sizes:     COMMON   BANK0
      Params:         0       0
      Locals:         3       0
      Temps:          0       0
      Totals:         3       0
Total ram usage:        3 bytes
 Hardware stack levels used:    1
 Hardware stack levels required when called:    1
 This function calls:
		_DelayUs
 This function is called by:
		_main
		_bag_1527
 This function uses a non-reentrant model


 *************** function _DelayUs *****************
 Defined at:
		line 10 in file "init.c"
 Parameters:    Size  Location     Type
  Time            1    wreg     unsigned char 
 Auto vars:     Size  Location     Type
  Time            1    0[COMMON] unsigned char 
  a               1    1[COMMON] unsigned char 
 Return value:  Size  Location     Type
                  1    wreg      void 
 Registers used:
		wreg, status,2, status,0
 Tracked objects:
		On entry : 
		On exit  : 
		Unchanged: 
 Data sizes:     COMMON   BANK0
      Params:         0       0
      Locals:         2       0
      Temps:          0       0
      Totals:         2       0
Total ram usage:        2 bytes
 Hardware stack levels used:    1
 This function calls:
		Nothing
 This function is called by:
		_DelayMs
		_coding_syn_1527
		_coding_L_1527
		_coding_H_1527
 This function uses a non-reentrant model


 *************** function _Sys_Init *****************
 Defined at:
		line 40 in file "init.c"
 Parameters:    Size  Location     Type
		None
 Auto vars:     Size  Location     Type
		None
 Return value:  Size  Location     Type
                  1    wreg      void 
 Registers used:
		wreg, status,2
 Tracked objects:
		On entry : 
		On exit  : 
		Unchanged: 
 Data sizes:     COMMON   BANK0
      Params:         0       0
      Locals:         0       0
      Temps:          0       0
      Totals:         0       0
Total ram usage:        0 bytes
 Hardware stack levels used:    1
 This function calls:
		Nothing
 This function is called by:
		_main
 This function uses a non-reentrant model



MODULE INFORMATION

Module		Function		Class		Link	Load	Size
shared
		__initialization		CODE           	03FE	0000	1

shared estimated size: 1

init.c
		_DelayUs       		CODE           	0376	0000	10
		_Sys_Init      		CODE           	038F	0000	20
		_DelayMs       		CODE           	037F	0000	17

init.c estimated size: 47

main.c
		_main          		CODE           	03A2	0000	26

main.c estimated size: 26

coding.c
		_coding_1527   		CODE           	03D6	0000	41
		_coding_H_1527 		CODE           	0361	0000	8
		_coding_L_1527 		CODE           	0368	0000	8
		_coding_syn_1527		CODE           	036F	0000	8
		_bag_1527      		CODE           	03BB	0000	28

coding.c estimated size: 93

